C:\Software\MuratYucedag\YummyRestaurant\Core\YummyRestaurant.Application\Features\Abouts\Queries\GetAboutList\GetAboutListQueryHandler.cs(13,40): error CS1061: 'IGenericRepository<About>' does not contain a definition for 'GetListAsync' and no accessible extension method 'GetListAsync' accepting a first argument of type 'IGenericRepository<About>' could be found (are you missing a using directive or an assembly reference?) [C:\Software\MuratYucedag\YummyRestaurant\Core\YummyRestaurant.Application\YummyRestaurant.Application.csproj]
C:\Software\MuratYucedag\YummyRestaurant\Core\YummyRestaurant.Application\Features\Abouts\Commands\UpdateAbout\UpdateAboutCommandHandler.cs(13,27): error CS1061: 'IGenericRepository<About>' does not contain a definition for 'UpdateAsync' and no accessible extension method 'UpdateAsync' accepting a first argument of type 'IGenericRepository<About>' could be found (are you missing a using directive or an assembly reference?) [C:\Software\MuratYucedag\YummyRestaurant\Core\YummyRestaurant.Application\YummyRestaurant.Application.csproj]

Build FAILED.
    0 Warning(s)
    2 Error(s)

Time Elapsed 00:00:01.22
